while in:  C:/Users/Barry/OneDrive/Desktop/planets



git config --global user.email  "bdecicco2001@yahoo.com"

git config --global user.name "Barry DeCicco"

$ git init

Returned message:  "Initialized empty Git repository in C:/Users/Barry/OneDrive/Desktop/planets/.git/"

In addition, there is now a .git directory in the folder 
C:/Users/Barry/OneDrive/Desktop/planets

git status  (return message basically saying nothing to save, no changes, no commits)

Create file mars.txt

$git status 

Message:  "On branch master

No commits yet

Untracked files:
  (use "git add <file>..." to include in what will be committed)

nothing added to commit but untracked files present (use "git add" to track)"

$ git add mars.txt
"warning: LF will be replaced by CRLF in mars.txt.
The file will have its original line endings in your working directory"

At this point git is tracking changes to mars.txt

$ git commit -m "Starting notes on Mars (initial commit)"

"[master (root-commit) ccda861] Starting notes on Mars (initial commit)
 1 file changed, 2 insertions(+)
 create mode 100644 mars.txt"

$ git status
"On branch master
nothing to commit, working tree clean"

This means that for files in .../planets which have been added to git, all changes
have been saved in .git

$ nano mars.txt   [changes were made to the file]


$ git status
"On branch master
Changes not staged for commit:
  (use "git add <file>..." to update what will be committed)
  (use "git checkout -- <file>..." to discard changes in working directory)

        modified:   mars.txt

no changes added to commit (use "git add" and/or "git commit -a")"

$ git diff
"warning: LF will be replaced by CRLF in mars.txt.
The file will have its original line endings in your working directory
diff --git a/mars.txt b/mars.txt
index d927c56..71bee23 100644
--- a/mars.txt
+++ b/mars.txt
@@ -1,2 +1,5 @@
 Cold and dry, but everything is my favorite color

+The two moons may be a problems for Wolfman
+
+"

The above message was in multiple colors.  The '+' signs are associated with the later version.

$ git status
"On branch master
Changes not staged for commit:
  (use "git add <file>..." to update what will be committed)
  (use "git checkout -- <file>..." to discard changes in working directory)

        modified:   mars.txt

no changes added to commit (use "git add" and/or "git commit -a")"

$ git add mars.txt
"warning: LF will be replaced by CRLF in mars.txt.
The file will have its original line endings in your working directory"
[note - if I had created venus.txt, and said 'git add venus.txt', then the 
 next commit would not have included the changes to mars.txt]


$ git commit -m "Added concerns abou effect of Mars' moons on Wolfman"
"[master d87673c] Added concerns abou effect of Mars' moons on Wolfman
 1 file changed, 3 insertions(+)"

 git config --global core.editor nano       This sets the default editor to nano.

When using git diff, if something had been added but not committed, then it 
won't show up here, since this command examines only changes which have been committed.

$ git log --oneline
1e69100 (HEAD -> master) Discuss humidity
d87673c Added concerns abou effect of Mars' moons on Wolfman
ccda861 Starting notes on Mars (initial commit)

A more condensed view.

git commit "reverted to 1e69100 for mars.txt"







